%!Adobe-FontList 1.17
%Locale:0x409

%BeginFont
Handler:DirectoryHandler
FontType:TrueType
FontName:AmericanTypewriter
FamilyName:American Typewriter
StyleName:Regular
MenuName:American Typewriter
StyleBits:0
WeightClass:400
WidthClass:5
AngleClass:0
FullName:American Typewriter
WritingScript:Roman
OutlineFileName:\AmericanTypewriter
DataFormat:sfntResource
ResourceID:19014
FileLength:215188
FileModTime:1450263679
NameArray:0,Mac,4,American Typewriter
%EndFont

%BeginFont
Handler:DirectoryHandler
FontType:Suitcase
FontName:AmericanTypewriter
OutlineFileName:\AmericanTypewriter
ResourceID:3044
MacStyle:0
FileLength:215188
FileModTime:1450263679
%EndFont

%BeginFont
Handler:DirectoryHandler
FontType:TrueType
FontName:AmericanTypewriter-Condensed
FamilyName:American Typewriter
StyleName:Condensed
MenuName:American Typewriter
StyleBits:0
WeightClass:400
WidthClass:3
AngleClass:0
FullName:American Typewriter Condensed
WritingScript:Roman
OutlineFileName:\AmericanTypewriter-Condensed
DataFormat:sfntResource
ResourceID:22489
FileLength:211426
FileModTime:1450263679
NameArray:0,Mac,4,American Typewriter Condensed
%EndFont

%BeginFont
Handler:DirectoryHandler
FontType:Suitcase
FontName:AmericanTypewriter-Condensed
OutlineFileName:\AmericanTypewriter-Condensed
ResourceID:3045
MacStyle:0
FileLength:211426
FileModTime:1450263679
%EndFont

%BeginFont
Handler:DirectoryHandler
FontType:TrueType
FontName:AmericanTypewriter-CondensedBold
FamilyName:American Typewriter
StyleName:Condensed Bold
MenuName:American Typewriter
StyleBits:2
WeightClass:700
WidthClass:3
AngleClass:0
FullName:American Typewriter Condensed Bold
WritingScript:Roman
OutlineFileName:\AmericanTypewriter-CondensedBold
DataFormat:sfntResource
ResourceID:10553
FileLength:206313
FileModTime:1450263679
NameArray:0,Mac,4,American Typewriter Condensed Bold
%EndFont

%BeginFont
Handler:DirectoryHandler
FontType:Suitcase
FontName:AmericanTypewriter-CondensedBold
OutlineFileName:\AmericanTypewriter-CondensedBold
ResourceID:3045
MacStyle:0
FileLength:206313
FileModTime:1450263679
%EndFont

%BeginFont
Handler:DirectoryHandler
FontType:Suitcase
FontName:AmerTypewriterITCbyBT-Bold
OutlineFileName:\AmerTypewriterITCbyBT-Bold
ResourceID:15597
MacStyle:0
FileLength:37929
FileModTime:1450263679
%EndFont

%BeginFont
Handler:DirectoryHandler
FontType:Suitcase
FontName:AmerTypewriterITCbyBT-Medium
OutlineFileName:\AmerTypewriterITCbyBT-Medium
ResourceID:12834
MacStyle:0
FileLength:37581
FileModTime:1450263679
%EndFont

%BeginFont
Handler:DirectoryHandler
FontType:Type1
FontName:AmerTypewriterITCbyBT-Bold
FamilyName:ITC American Typewriter BT
StyleName:Bold
MenuName:ITC American Typewriter BT Bold
StyleBits:2
WeightClass:700
WidthClass:5
AngleClass:0
FullName:ITC American Typewriter BT Bold
WritingScript:Roman
OutlineFileName:\AmerTypITCbyBTBol
DataFormat:POSTResource
UsesStandardEncoding:yes
isCFF:no
FileLength:50047
FileModTime:657635032
DesignSize:-1
%EndFont

%BeginFont
Handler:DirectoryHandler
FontType:Type1
FontName:AmerTypewriterITCbyBT-Medium
FamilyName:ITC American Typewriter BT
StyleName:Medium
MenuName:ITC American Typewriter BT Medium
StyleBits:0
WeightClass:500
WidthClass:5
AngleClass:0
FullName:ITC American Typewriter BT Medium
WritingScript:Roman
OutlineFileName:\AmerTypITCbyBTMed
DataFormat:POSTResource
UsesStandardEncoding:yes
isCFF:no
FileLength:50632
FileModTime:657635026
DesignSize:-1
%EndFont

%BeginFont
Handler:DirectoryHandler
FontType:Type1
FontName:MyriadPro-Bold
FamilyName:Myriad Pro
StyleName:Bold
MenuName:Myriad Pro
StyleBits:2
WeightClass:700
WidthClass:5
AngleClass:0
FullName:Myriad Pro Bold
WritingScript:Roman
OutlineFileName:\MyriadPro-Bold.otf
DataFormat:sfntData
UsesStandardEncoding:yes
isCFF:yes
FileLength:97332
FileModTime:1214714058
DesignSize:110
NameArray:0,Mac,4,Myriad Pro Bold
NameArray:0,Win,1,Myriad Pro
%EndFont

%BeginFont
Handler:DirectoryHandler
FontType:Type1
FontName:MyriadPro-It
FamilyName:Myriad Pro
StyleName:Italic
MenuName:Myriad Pro
StyleBits:1
WeightClass:400
WidthClass:5
AngleClass:1
FullName:Myriad Pro Italic
WritingScript:Roman
OutlineFileName:\MyriadPro-It.otf
DataFormat:sfntData
UsesStandardEncoding:yes
isCFF:yes
FileLength:99788
FileModTime:1214714060
DesignSize:110
NameArray:0,Mac,18,Myriad Pro It
NameArray:0,Mac,4,Myriad Pro Italic
NameArray:0,Win,1,Myriad Pro
%EndFont

%BeginFont
Handler:DirectoryHandler
FontType:Type1
FontName:MyriadPro-Light
FamilyName:Myriad Pro
StyleName:Light
MenuName:Myriad Pro Light
StyleBits:0
WeightClass:300
WidthClass:5
AngleClass:0
FullName:Myriad Pro Light
WritingScript:Roman
OutlineFileName:\MyriadPro-Light.otf
DataFormat:sfntData
UsesStandardEncoding:yes
isCFF:yes
FileLength:94260
FileModTime:1214714060
DesignSize:110
NameArray:0,Mac,4,Myriad Pro Light
NameArray:0,Win,1,Myriad Pro Light
NameArray:0,Win,16,Myriad Pro
%EndFont

%BeginFont
Handler:DirectoryHandler
FontType:Type1
FontName:MyriadPro-Regular
FamilyName:Myriad Pro
StyleName:Regular
MenuName:Myriad Pro
StyleBits:0
WeightClass:400
WidthClass:5
AngleClass:0
FullName:Myriad Pro
WritingScript:Roman
OutlineFileName:\MyriadPro-Regular.otf
DataFormat:sfntData
UsesStandardEncoding:yes
isCFF:yes
FileLength:95984
FileModTime:1214714060
DesignSize:110
NameArray:0,Mac,4,Myriad Pro
NameArray:0,Win,1,Myriad Pro
%EndFont

%BeginFont
Handler:DirectoryHandler
FontType:Type1
FontName:MyriadPro-Semibold
FamilyName:Myriad Pro
StyleName:Semibold
MenuName:Myriad Pro Light
StyleBits:2
WeightClass:600
WidthClass:5
AngleClass:0
FullName:Myriad Pro Semibold
WritingScript:Roman
OutlineFileName:\MyriadPro-Semibold.otf
DataFormat:sfntData
UsesStandardEncoding:yes
isCFF:yes
FileLength:97332
FileModTime:1214714060
DesignSize:110
NameArray:0,Mac,4,Myriad Pro Semibold
NameArray:0,Win,1,Myriad Pro Light
NameArray:0,Win,16,Myriad Pro
%EndFont

%BeginFont
Handler:DirectoryHandler
FontType:TrueType
FontName:Times-Roman
FamilyName:Times
StyleName:Regular
MenuName:Times
StyleBits:0
WeightClass:400
WidthClass:5
AngleClass:0
FullName:Times Roman
WritingScript:Roman
OutlineFileName:\Times.dfont
DataFormat:sfntResource
ResourceID:13494
FileLength:1599593
FileModTime:1440817553
NameArray:0,Mac,4,Times Roman
%EndFont

%BeginFont
Handler:DirectoryHandler
FontType:TrueType
FontName:Times-Bold
FamilyName:Times
StyleName:Bold
MenuName:Times
StyleBits:2
WeightClass:700
WidthClass:5
AngleClass:0
FullName:Times Bold
WritingScript:Roman
OutlineFileName:\Times.dfont
DataFormat:sfntResource
ResourceID:16697
FileLength:1599593
FileModTime:1440817553
NameArray:0,Mac,4,Times Bold
NameArray:0,Mac,4,Times Gras
NameArray:0,Mac,4,Times Fett
NameArray:0,Mac,4,Times grassetto
NameArray:0,Mac,4,Times vet
NameArray:0,Mac,4,Times Fet
NameArray:0,Mac,4,Times Negrita
NameArray:0,Mac,4,Times Fed
NameArray:0,Mac,4,Times Carregado
NameArray:0,Mac,4,Times Halvfet
NameArray:0,Mac,4,Times lihava
%EndFont

%BeginFont
Handler:DirectoryHandler
FontType:TrueType
FontName:Times-Italic
FamilyName:Times
StyleName:Italic
MenuName:Times
StyleBits:1
WeightClass:400
WidthClass:5
AngleClass:1
FullName:Times Italic
WritingScript:Roman
OutlineFileName:\Times.dfont
DataFormat:sfntResource
ResourceID:21585
FileLength:1599593
FileModTime:1440817553
NameArray:0,Mac,4,Times Italic
NameArray:0,Mac,4,Times Italique
NameArray:0,Mac,4,Times Kursiv
NameArray:0,Mac,4,Times corsivo
NameArray:0,Mac,4,Times cursief
NameArray:0,Mac,4,Times Kursiv
NameArray:0,Mac,4,Times Cursiva
NameArray:0,Mac,4,Times kursiv
NameArray:0,Mac,4,Times Itálico
NameArray:0,Mac,4,Times kursiv
NameArray:0,Mac,4,Times kursiivi
%EndFont

%BeginFont
Handler:DirectoryHandler
FontType:TrueType
FontName:Times-BoldItalic
FamilyName:Times
StyleName:Bold Italic
MenuName:Times
StyleBits:3
WeightClass:700
WidthClass:5
AngleClass:1
FullName:Times Bold Italic
WritingScript:Roman
OutlineFileName:\Times.dfont
DataFormat:sfntResource
ResourceID:22219
FileLength:1599593
FileModTime:1440817553
NameArray:0,Mac,4,Times Bold Italic
NameArray:0,Mac,4,Times Gras italique
NameArray:0,Mac,4,Times Fett Kursiv
NameArray:0,Mac,4,Times grassetto corsivo
NameArray:0,Mac,4,Times vet-cursief
NameArray:0,Mac,4,Times Fet Kursiv
NameArray:0,Mac,4,Times Negrita Cursiva
NameArray:0,Mac,4,Times Fed kursiv
NameArray:0,Mac,4,Times Carregado Itálico
NameArray:0,Mac,4,Times Halvfet kursiv
NameArray:0,Mac,4,Times lihava kursiivi
%EndFont

%BeginFont
Handler:DirectoryHandler
FontType:Suitcase
FontName:Times-Roman
OutlineFileName:\Times.dfont
ResourceID:20
MacStyle:0
FileLength:1599593
FileModTime:1440817553
%EndFont

%BeginFont
Handler:DirectoryHandler
FontType:Suitcase
FontName:Times-Bold
OutlineFileName:\Times.dfont
ResourceID:20
MacStyle:1
FileLength:1599593
FileModTime:1440817553
%EndFont

%BeginFont
Handler:DirectoryHandler
FontType:Suitcase
FontName:Times-Italic
OutlineFileName:\Times.dfont
ResourceID:20
MacStyle:2
FileLength:1599593
FileModTime:1440817553
%EndFont

%BeginFont
Handler:DirectoryHandler
FontType:Suitcase
FontName:Times-BoldItalic
OutlineFileName:\Times.dfont
ResourceID:20
MacStyle:3
FileLength:1599593
FileModTime:1440817553
%EndFont

